// Jest Snapshot v1, https://goo.gl/fbAQLP

exports[`it creates an input element 1`] = `
<div>
  <input
    minLength=""
    onChange={[Function]}
    placeholder="Enter your text here"
    required={false}
    style={Object {}}
    type="text"
    value=""
  />
</div>
`;
